01:08:07 **** Incremental Build of configuration Debug for project TestInstBRamReach ****
make all 
make --no-print-directory pre-build
a9-linaro-pre-build-step
' '
make --no-print-directory main-build
'Building file: ../src/helloworld.c'
'Invoking: ARM v7 gcc compiler'
arm-none-eabi-gcc -Wall -O0 -g3 -c -fmessage-length=0 -MT"src/helloworld.o" -mcpu=cortex-a9 -mfpu=vfpv3 -mfloat-abi=hard -ID:/desktop/2021-FPGA-Test-Dir/Lab5-DSP_HW/TestInstBRamReach/design_1_wrapper/export/design_1_wrapper/sw/design_1_wrapper/standalone_ps7_cortexa9_0/bspinclude/include -MMD -MP -MF"src/helloworld.d" -MT"src/helloworld.o" -o "src/helloworld.o" "../src/helloworld.c"
../src/helloworld.c: In function 'main':
../src/helloworld.c:60:11: warning: format '%x' expects argument of type 'unsigned int', but argument 2 has type 'u32' {aka 'long unsigned int'} [-Wformat=]
   60 |  printf("%x\n", Xil_In32(XPAR_AXI_BRAM_CTRL_1_S_AXI_BASEADDR + 12));
      |          ~^     ~~~~~~~~~~~~~~~~~~~~~~~~~~~~~~~~~~~~~~~~~~~~~~~~~~
      |           |     |
      |           |     u32 {aka long unsigned int}
      |           unsigned int
      |          %lx
../src/helloworld.c:63:11: warning: format '%x' expects argument of type 'unsigned int', but argument 2 has type 'u32' {aka 'long unsigned int'} [-Wformat=]
   63 |  printf("%x\n", Xil_In32(XPAR_AXI_BRAM_CTRL_1_S_AXI_BASEADDR + 12));
      |          ~^     ~~~~~~~~~~~~~~~~~~~~~~~~~~~~~~~~~~~~~~~~~~~~~~~~~~
      |           |     |
      |           |     u32 {aka long unsigned int}
      |           unsigned int
      |          %lx
'Finished building: ../src/helloworld.c'
' '
'Building target: TestInstBRamReach.elf'
'Invoking: ARM v7 gcc linker'
arm-none-eabi-gcc -mcpu=cortex-a9 -mfpu=vfpv3 -mfloat-abi=hard -Wl,-build-id=none -specs=Xilinx.spec -Wl,-T -Wl,../src/lscript.ld -LD:/desktop/2021-FPGA-Test-Dir/Lab5-DSP_HW/TestInstBRamReach/design_1_wrapper/export/design_1_wrapper/sw/design_1_wrapper/standalone_ps7_cortexa9_0/bsplib/lib -o "TestInstBRamReach.elf"  ./src/helloworld.o ./src/platform.o   -Wl,--start-group,-lxil,-lgcc,-lc,--end-group
'Finished building target: TestInstBRamReach.elf'
' '
'Invoking: ARM v7 Print Size'
arm-none-eabi-size TestInstBRamReach.elf  |tee "TestInstBRamReach.elf.size"
   text	   data	    bss	    dec	    hex	filename
  49724	   2564	  22640	  74928	  124b0	TestInstBRamReach.elf
'Finished building: TestInstBRamReach.elf.size'
' '

01:08:08 Build Finished (took 739ms)

