05:25:40 **** Build of configuration Debug for project TestINstBRamReach4 ****
make all 
make --no-print-directory pre-build
a9-linaro-pre-build-step
' '
make --no-print-directory main-build
'Building file: ../src/helloworld.c'
'Invoking: ARM v7 gcc compiler'
arm-none-eabi-gcc -Wall -O0 -g3 -c -fmessage-length=0 -MT"src/helloworld.o" -mcpu=cortex-a9 -mfpu=vfpv3 -mfloat-abi=hard -ID:/desktop/2021-FPGA-Test-Dir/Lab5-DSP_HW/TestInstBRamReach/design_1_wrapper_3/export/design_1_wrapper_3/sw/design_1_wrapper_3/standalone_ps7_cortexa9_0/bspinclude/include -MMD -MP -MF"src/helloworld.d" -MT"src/helloworld.o" -o "src/helloworld.o" "../src/helloworld.c"
../src/helloworld.c: In function 'main':
../src/helloworld.c:67:16: warning: format '%x' expects argument of type 'unsigned int', but argument 3 has type 'u32' {aka 'long unsigned int'} [-Wformat=]
   67 |   printf("%d: %x\n", i, Xil_In32(XPAR_AXI_BRAM_CTRL_1_S_AXI_BASEADDR + (i << 2)));
      |               ~^        ~~~~~~~~~~~~~~~~~~~~~~~~~~~~~~~~~~~~~~~~~~~~~~~~~~~~~~~~
      |                |        |
      |                |        u32 {aka long unsigned int}
      |                unsigned int
      |               %lx
../src/helloworld.c:79:16: warning: format '%x' expects argument of type 'unsigned int', but argument 3 has type 'u32' {aka 'long unsigned int'} [-Wformat=]
   79 |   printf("%d: %x\n", i, Xil_In32(XPAR_AXI_BRAM_CTRL_1_S_AXI_BASEADDR + (i << 2)));
      |               ~^        ~~~~~~~~~~~~~~~~~~~~~~~~~~~~~~~~~~~~~~~~~~~~~~~~~~~~~~~~
      |                |        |
      |                |        u32 {aka long unsigned int}
      |                unsigned int
      |               %lx
'Finished building: ../src/helloworld.c'
' '
'Building file: ../src/platform.c'
'Invoking: ARM v7 gcc compiler'
arm-none-eabi-gcc -Wall -O0 -g3 -c -fmessage-length=0 -MT"src/platform.o" -mcpu=cortex-a9 -mfpu=vfpv3 -mfloat-abi=hard -ID:/desktop/2021-FPGA-Test-Dir/Lab5-DSP_HW/TestInstBRamReach/design_1_wrapper_3/export/design_1_wrapper_3/sw/design_1_wrapper_3/standalone_ps7_cortexa9_0/bspinclude/include -MMD -MP -MF"src/platform.d" -MT"src/platform.o" -o "src/platform.o" "../src/platform.c"
'Finished building: ../src/platform.c'
' '
'Building target: TestINstBRamReach4.elf'
'Invoking: ARM v7 gcc linker'
arm-none-eabi-gcc -mcpu=cortex-a9 -mfpu=vfpv3 -mfloat-abi=hard -Wl,-build-id=none -specs=Xilinx.spec -Wl,-T -Wl,../src/lscript.ld -LD:/desktop/2021-FPGA-Test-Dir/Lab5-DSP_HW/TestInstBRamReach/design_1_wrapper_3/export/design_1_wrapper_3/sw/design_1_wrapper_3/standalone_ps7_cortexa9_0/bsplib/lib -o "TestINstBRamReach4.elf"  ./src/helloworld.o ./src/platform.o   -Wl,--start-group,-lxil,-lgcc,-lc,--end-group
'Finished building target: TestINstBRamReach4.elf'
' '
'Invoking: ARM v7 Print Size'
arm-none-eabi-size TestINstBRamReach4.elf  |tee "TestINstBRamReach4.elf.size"
   text	   data	    bss	    dec	    hex	filename
  50424	   2580	  22640	  75644	  1277c	TestINstBRamReach4.elf
'Finished building: TestINstBRamReach4.elf.size'
' '

05:25:41 Build Finished (took 918ms)

