04:42:32 **** Incremental Build of configuration Debug for project TestInstBRamReach2 ****
make all 
make --no-print-directory pre-build
a9-linaro-pre-build-step
' '
make --no-print-directory main-build
'Building file: ../src/helloworld.c'
'Invoking: ARM v7 gcc compiler'
arm-none-eabi-gcc -Wall -O0 -g3 -c -fmessage-length=0 -MT"src/helloworld.o" -mcpu=cortex-a9 -mfpu=vfpv3 -mfloat-abi=hard -ID:/desktop/2021-FPGA-Test-Dir/Lab5-DSP_HW/TestInstBRamReach/design_1_wrapper_1/export/design_1_wrapper_1/sw/design_1_wrapper_1/standalone_ps7_cortexa9_0/bspinclude/include -MMD -MP -MF"src/helloworld.d" -MT"src/helloworld.o" -o "src/helloworld.o" "../src/helloworld.c"
../src/helloworld.c: In function 'main':
../src/helloworld.c:66:14: warning: format '%x' expects argument of type 'unsigned int', but argument 2 has type 'u32' {aka 'long unsigned int'} [-Wformat=]
   66 |  printf("3: %x\n", Xil_In32(XPAR_AXI_BRAM_CTRL_1_S_AXI_BASEADDR + 12));
      |             ~^     ~~~~~~~~~~~~~~~~~~~~~~~~~~~~~~~~~~~~~~~~~~~~~~~~~~
      |              |     |
      |              |     u32 {aka long unsigned int}
      |              unsigned int
      |             %lx
../src/helloworld.c:67:14: warning: format '%x' expects argument of type 'unsigned int', but argument 2 has type 'u32' {aka 'long unsigned int'} [-Wformat=]
   67 |  printf("7: %x\n", Xil_In32(XPAR_AXI_BRAM_CTRL_1_S_AXI_BASEADDR + 28));
      |             ~^     ~~~~~~~~~~~~~~~~~~~~~~~~~~~~~~~~~~~~~~~~~~~~~~~~~~
      |              |     |
      |              |     u32 {aka long unsigned int}
      |              unsigned int
      |             %lx
../src/helloworld.c:68:15: warning: format '%x' expects argument of type 'unsigned int', but argument 2 has type 'u32' {aka 'long unsigned int'} [-Wformat=]
   68 |  printf("10: %x\n", Xil_In32(XPAR_AXI_BRAM_CTRL_1_S_AXI_BASEADDR + 40));
      |              ~^     ~~~~~~~~~~~~~~~~~~~~~~~~~~~~~~~~~~~~~~~~~~~~~~~~~~
      |               |     |
      |               |     u32 {aka long unsigned int}
      |               unsigned int
      |              %lx
../src/helloworld.c:69:15: warning: format '%x' expects argument of type 'unsigned int', but argument 2 has type 'u32' {aka 'long unsigned int'} [-Wformat=]
   69 |  printf("13: %x\n", Xil_In32(XPAR_AXI_BRAM_CTRL_1_S_AXI_BASEADDR + 52));
      |              ~^     ~~~~~~~~~~~~~~~~~~~~~~~~~~~~~~~~~~~~~~~~~~~~~~~~~~
      |               |     |
      |               |     u32 {aka long unsigned int}
      |               unsigned int
      |              %lx
../src/helloworld.c:70:15: warning: format '%x' expects argument of type 'unsigned int', but argument 2 has type 'u32' {aka 'long unsigned int'} [-Wformat=]
   70 |  printf("15: %x\n", Xil_In32(XPAR_AXI_BRAM_CTRL_1_S_AXI_BASEADDR + 60));
      |              ~^     ~~~~~~~~~~~~~~~~~~~~~~~~~~~~~~~~~~~~~~~~~~~~~~~~~~
      |               |     |
      |               |     u32 {aka long unsigned int}
      |               unsigned int
      |              %lx
'Finished building: ../src/helloworld.c'
' '
'Building target: TestInstBRamReach2.elf'
'Invoking: ARM v7 gcc linker'
arm-none-eabi-gcc -mcpu=cortex-a9 -mfpu=vfpv3 -mfloat-abi=hard -Wl,-build-id=none -specs=Xilinx.spec -Wl,-T -Wl,../src/lscript.ld -LD:/desktop/2021-FPGA-Test-Dir/Lab5-DSP_HW/TestInstBRamReach/design_1_wrapper_1/export/design_1_wrapper_1/sw/design_1_wrapper_1/standalone_ps7_cortexa9_0/bsplib/lib -o "TestInstBRamReach2.elf"  ./src/helloworld.o ./src/platform.o   -Wl,--start-group,-lxil,-lgcc,-lc,--end-group
'Finished building target: TestInstBRamReach2.elf'
' '
'Invoking: ARM v7 Print Size'
arm-none-eabi-size TestInstBRamReach2.elf  |tee "TestInstBRamReach2.elf.size"
   text	   data	    bss	    dec	    hex	filename
  50112	   2580	  22640	  75332	  12644	TestInstBRamReach2.elf
'Finished building: TestInstBRamReach2.elf.size'
' '

04:42:33 Build Finished (took 874ms)

