22:06:35 **** Incremental Build of configuration Debug for project TestInstDSPReach2 ****
make all 
make --no-print-directory pre-build
a9-linaro-pre-build-step
' '
make --no-print-directory main-build
'Building file: ../src/helloworld.c'
'Invoking: ARM v7 gcc compiler'
arm-none-eabi-gcc -Wall -O0 -g3 -c -fmessage-length=0 -MT"src/helloworld.o" -mcpu=cortex-a9 -mfpu=vfpv3 -mfloat-abi=hard -ID:/desktop/2021-FPGA-Test-Dir/Lab5-DSP_HW/TestInstDSPReach/design_1_wrapper_1/export/design_1_wrapper_1/sw/design_1_wrapper_1/standalone_ps7_cortexa9_0/bspinclude/include -MMD -MP -MF"src/helloworld.d" -MT"src/helloworld.o" -o "src/helloworld.o" "../src/helloworld.c"
../src/helloworld.c: In function 'main':
../src/helloworld.c:64:17: warning: format '%x' expects argument of type 'unsigned int', but argument 2 has type 'u32' {aka 'long unsigned int'} [-Wformat=]
   64 |  printf("Inst: %x\n", XGpio_DiscreteRead(&inst_gpio, 2));
      |                ~^     ~~~~~~~~~~~~~~~~~~~~~~~~~~~~~~~~~
      |                 |     |
      |                 |     u32 {aka long unsigned int}
      |                 unsigned int
      |                %lx
../src/helloworld.c:65:16: warning: format '%x' expects argument of type 'unsigned int', but argument 2 has type 'u32' {aka 'long unsigned int'} [-Wformat=]
   65 |  printf("DSP: %x\n", XGpio_DiscreteRead(&result_gpio, 1));
      |               ~^     ~~~~~~~~~~~~~~~~~~~~~~~~~~~~~~~~~~~
      |                |     |
      |                |     u32 {aka long unsigned int}
      |                unsigned int
      |               %lx
'Finished building: ../src/helloworld.c'
' '
'Building target: TestInstDSPReach2.elf'
'Invoking: ARM v7 gcc linker'
arm-none-eabi-gcc -mcpu=cortex-a9 -mfpu=vfpv3 -mfloat-abi=hard -Wl,-build-id=none -specs=Xilinx.spec -Wl,-T -Wl,../src/lscript.ld -LD:/desktop/2021-FPGA-Test-Dir/Lab5-DSP_HW/TestInstDSPReach/design_1_wrapper_1/export/design_1_wrapper_1/sw/design_1_wrapper_1/standalone_ps7_cortexa9_0/bsplib/lib -o "TestInstDSPReach2.elf"  ./src/helloworld.o ./src/platform.o   -Wl,--start-group,-lxil,-lgcc,-lc,--end-group
'Finished building target: TestInstDSPReach2.elf'
' '
'Invoking: ARM v7 Print Size'
arm-none-eabi-size TestInstDSPReach2.elf  |tee "TestInstDSPReach2.elf.size"
   text	   data	    bss	    dec	    hex	filename
  49876	   2596	  22640	  75112	  12568	TestInstDSPReach2.elf
'Finished building: TestInstDSPReach2.elf.size'
' '

22:06:36 Build Finished (took 732ms)

