18:56:58 **** Build of configuration Debug for project TestInstDSPReach ****
make all 
make --no-print-directory pre-build
a9-linaro-pre-build-step
' '
make --no-print-directory main-build
'Building file: ../src/helloworld.c'
'Invoking: ARM v7 gcc compiler'
arm-none-eabi-gcc -Wall -O0 -g3 -c -fmessage-length=0 -MT"src/helloworld.o" -mcpu=cortex-a9 -mfpu=vfpv3 -mfloat-abi=hard -ID:/desktop/2021-FPGA-Test-Dir/Lab5-DSP_HW/TestInstDSPReach/design_1_wrapper/export/design_1_wrapper/sw/design_1_wrapper/standalone_ps7_cortexa9_0/bspinclude/include -MMD -MP -MF"src/helloworld.d" -MT"src/helloworld.o" -o "src/helloworld.o" "../src/helloworld.c"
../src/helloworld.c: In function 'main':
../src/helloworld.c:63:17: warning: format '%d' expects argument of type 'int', but argument 2 has type 'u32' {aka 'long unsigned int'} [-Wformat=]
   63 |  printf("Inst: %d\n", XGpio_DiscreteRead(&inst_gpio, 2));
      |                ~^     ~~~~~~~~~~~~~~~~~~~~~~~~~~~~~~~~~
      |                 |     |
      |                 int   u32 {aka long unsigned int}
      |                %ld
../src/helloworld.c:64:16: warning: format '%d' expects argument of type 'int', but argument 2 has type 'u32' {aka 'long unsigned int'} [-Wformat=]
   64 |  printf("DSP: %d\n", XGpio_DiscreteRead(&result_gpio, 1));
      |               ~^     ~~~~~~~~~~~~~~~~~~~~~~~~~~~~~~~~~~~
      |                |     |
      |                int   u32 {aka long unsigned int}
      |               %ld
'Finished building: ../src/helloworld.c'
' '
'Building file: ../src/platform.c'
'Invoking: ARM v7 gcc compiler'
arm-none-eabi-gcc -Wall -O0 -g3 -c -fmessage-length=0 -MT"src/platform.o" -mcpu=cortex-a9 -mfpu=vfpv3 -mfloat-abi=hard -ID:/desktop/2021-FPGA-Test-Dir/Lab5-DSP_HW/TestInstDSPReach/design_1_wrapper/export/design_1_wrapper/sw/design_1_wrapper/standalone_ps7_cortexa9_0/bspinclude/include -MMD -MP -MF"src/platform.d" -MT"src/platform.o" -o "src/platform.o" "../src/platform.c"
'Finished building: ../src/platform.c'
' '
'Building target: TestInstDSPReach.elf'
'Invoking: ARM v7 gcc linker'
arm-none-eabi-gcc -mcpu=cortex-a9 -mfpu=vfpv3 -mfloat-abi=hard -Wl,-build-id=none -specs=Xilinx.spec -Wl,-T -Wl,../src/lscript.ld -LD:/desktop/2021-FPGA-Test-Dir/Lab5-DSP_HW/TestInstDSPReach/design_1_wrapper/export/design_1_wrapper/sw/design_1_wrapper/standalone_ps7_cortexa9_0/bsplib/lib -o "TestInstDSPReach.elf"  ./src/helloworld.o ./src/platform.o   -Wl,--start-group,-lxil,-lgcc,-lc,--end-group
'Finished building target: TestInstDSPReach.elf'
' '
'Invoking: ARM v7 Print Size'
arm-none-eabi-size TestInstDSPReach.elf  |tee "TestInstDSPReach.elf.size"
   text	   data	    bss	    dec	    hex	filename
  49876	   2596	  22640	  75112	  12568	TestInstDSPReach.elf
'Finished building: TestInstDSPReach.elf.size'
' '

18:57:00 Build Finished (took 1s.427ms)

