01:43:47 **** Incremental Build of configuration Debug for project TestInstDSPReach4 ****
make all 
make --no-print-directory pre-build
a9-linaro-pre-build-step
' '
make --no-print-directory main-build
'Building file: ../src/helloworld.c'
'Invoking: ARM v7 gcc compiler'
arm-none-eabi-gcc -Wall -O0 -g3 -c -fmessage-length=0 -MT"src/helloworld.o" -mcpu=cortex-a9 -mfpu=vfpv3 -mfloat-abi=hard -ID:/desktop/2021-FPGA-Test-Dir/Lab5-DSP_HW/TestInstDSPReach/design_1_wrapper_3/export/design_1_wrapper_3/sw/design_1_wrapper_3/standalone_ps7_cortexa9_0/bspinclude/include -MMD -MP -MF"src/helloworld.d" -MT"src/helloworld.o" -o "src/helloworld.o" "../src/helloworld.c"
../src/helloworld.c: In function 'main':
../src/helloworld.c:65:17: warning: format '%x' expects argument of type 'unsigned int', but argument 2 has type 'u32' {aka 'long unsigned int'} [-Wformat=]
   65 |  printf("Inst: %x\n", XGpio_DiscreteRead(&inst_gpio, 2));
      |                ~^     ~~~~~~~~~~~~~~~~~~~~~~~~~~~~~~~~~
      |                 |     |
      |                 |     u32 {aka long unsigned int}
      |                 unsigned int
      |                %lx
../src/helloworld.c:66:16: warning: format '%x' expects argument of type 'unsigned int', but argument 2 has type 'u32' {aka 'long unsigned int'} [-Wformat=]
   66 |  printf("DSP: %x\n", XGpio_DiscreteRead(&result_gpio, 1));
      |               ~^     ~~~~~~~~~~~~~~~~~~~~~~~~~~~~~~~~~~~
      |                |     |
      |                |     u32 {aka long unsigned int}
      |                unsigned int
      |               %lx
../src/helloworld.c:68:27: warning: format '%x' expects argument of type 'unsigned int', but argument 3 has type 'u32' {aka 'long unsigned int'} [-Wformat=]
   68 |   printf("DBG BRAM: %d - %x\n", i, Xil_In32(XPAR_BRAM_0_BASEADDR + (i << 2)));
      |                          ~^        ~~~~~~~~~~~~~~~~~~~~~~~~~~~~~~~~~~~~~~~~~
      |                           |        |
      |                           |        u32 {aka long unsigned int}
      |                           unsigned int
      |                          %lx
../src/helloworld.c:73:17: warning: format '%x' expects argument of type 'unsigned int', but argument 2 has type 'u32' {aka 'long unsigned int'} [-Wformat=]
   73 |  printf("Inst: %x\n", XGpio_DiscreteRead(&inst_gpio, 2));
      |                ~^     ~~~~~~~~~~~~~~~~~~~~~~~~~~~~~~~~~
      |                 |     |
      |                 |     u32 {aka long unsigned int}
      |                 unsigned int
      |                %lx
../src/helloworld.c:74:16: warning: format '%x' expects argument of type 'unsigned int', but argument 2 has type 'u32' {aka 'long unsigned int'} [-Wformat=]
   74 |  printf("DSP: %x\n", XGpio_DiscreteRead(&result_gpio, 1));
      |               ~^     ~~~~~~~~~~~~~~~~~~~~~~~~~~~~~~~~~~~
      |                |     |
      |                |     u32 {aka long unsigned int}
      |                unsigned int
      |               %lx
../src/helloworld.c:76:27: warning: format '%x' expects argument of type 'unsigned int', but argument 3 has type 'u32' {aka 'long unsigned int'} [-Wformat=]
   76 |   printf("DBG BRAM: %d - %x\n", i, Xil_In32(XPAR_BRAM_0_BASEADDR + (i << 2)));
      |                          ~^        ~~~~~~~~~~~~~~~~~~~~~~~~~~~~~~~~~~~~~~~~~
      |                           |        |
      |                           |        u32 {aka long unsigned int}
      |                           unsigned int
      |                          %lx
'Finished building: ../src/helloworld.c'
' '
'Building target: TestInstDSPReach4.elf'
'Invoking: ARM v7 gcc linker'
arm-none-eabi-gcc -mcpu=cortex-a9 -mfpu=vfpv3 -mfloat-abi=hard -Wl,-build-id=none -specs=Xilinx.spec -Wl,-T -Wl,../src/lscript.ld -LD:/desktop/2021-FPGA-Test-Dir/Lab5-DSP_HW/TestInstDSPReach/design_1_wrapper_3/export/design_1_wrapper_3/sw/design_1_wrapper_3/standalone_ps7_cortexa9_0/bsplib/lib -o "TestInstDSPReach4.elf"  ./src/helloworld.o ./src/platform.o   -Wl,--start-group,-lxil,-lgcc,-lc,--end-group
'Finished building target: TestInstDSPReach4.elf'
' '
'Invoking: ARM v7 Print Size'
arm-none-eabi-size TestInstDSPReach4.elf  |tee "TestInstDSPReach4.elf.size"
   text	   data	    bss	    dec	    hex	filename
  50212	   2596	  22640	  75448	  126b8	TestInstDSPReach4.elf
'Finished building: TestInstDSPReach4.elf.size'
' '

01:43:49 Build Finished (took 1s.217ms)

