14:31:59 **** Incremental Build of configuration Debug for project TestInstReach ****
make all 
make --no-print-directory pre-build
a9-linaro-pre-build-step
' '
make --no-print-directory main-build
'Building file: ../src/helloworld.c'
'Invoking: ARM v7 gcc compiler'
arm-none-eabi-gcc -Wall -O0 -g3 -c -fmessage-length=0 -MT"src/helloworld.o" -mcpu=cortex-a9 -mfpu=vfpv3 -mfloat-abi=hard -ID:/desktop/2021-FPGA-Test-Dir/Lab5-DSP_HW/TestInstReach/design_1_wrapper/export/design_1_wrapper/sw/design_1_wrapper/standalone_ps7_cortexa9_0/bspinclude/include -MMD -MP -MF"src/helloworld.d" -MT"src/helloworld.o" -o "src/helloworld.o" "../src/helloworld.c"
../src/helloworld.c: In function 'main':
../src/helloworld.c:61:12: warning: format '%x' expects argument of type 'unsigned int', but argument 2 has type 'u32' {aka 'long unsigned int'} [-Wformat=]
   61 |   printf("%x\n", XGpio_DiscreteRead(&inst_gpio, 2));
      |           ~^     ~~~~~~~~~~~~~~~~~~~~~~~~~~~~~~~~~
      |            |     |
      |            |     u32 {aka long unsigned int}
      |            unsigned int
      |           %lx
'Finished building: ../src/helloworld.c'
' '
'Building target: TestInstReach.elf'
'Invoking: ARM v7 gcc linker'
arm-none-eabi-gcc -mcpu=cortex-a9 -mfpu=vfpv3 -mfloat-abi=hard -Wl,-build-id=none -specs=Xilinx.spec -Wl,-T -Wl,../src/lscript.ld -LD:/desktop/2021-FPGA-Test-Dir/Lab5-DSP_HW/TestInstReach/design_1_wrapper/export/design_1_wrapper/sw/design_1_wrapper/standalone_ps7_cortexa9_0/bsplib/lib -o "TestInstReach.elf"  ./src/helloworld.o ./src/platform.o   -Wl,--start-group,-lxil,-lgcc,-lc,--end-group
'Finished building target: TestInstReach.elf'
' '
'Invoking: ARM v7 Print Size'
arm-none-eabi-size TestInstReach.elf  |tee "TestInstReach.elf.size"
   text	   data	    bss	    dec	    hex	filename
  49660	   2564	  22640	  74864	  12470	TestInstReach.elf
'Finished building: TestInstReach.elf.size'
' '

14:32:00 Build Finished (took 1s.27ms)

