00:55:44 **** Incremental Build of configuration Debug for project DSP_HW ****
make all 
make --no-print-directory pre-build
a9-linaro-pre-build-step
' '
make --no-print-directory main-build
'Building file: ../src/main.cpp'
'Invoking: ARM v7 g++ compiler'
arm-none-eabi-g++ -Wall -O0 -g3 -c -fmessage-length=0 -MT"src/main.o" -mcpu=cortex-a9 -mfpu=vfpv3 -mfloat-abi=hard -ID:/desktop/2021-FPGA-Test-Dir/Lab5-DSP_HW/design_1_wrapper/export/design_1_wrapper/sw/design_1_wrapper/standalone_ps7_cortexa9_0/bspinclude/include -MMD -MP -MF"src/main.d" -MT"src/main.o" -o "src/main.o" "../src/main.cpp"
../src/main.cpp: In function 'int main()':
../src/main.cpp:7:24: warning: format '%x' expects argument of type 'unsigned int', but argument 2 has type 'u32' {aka 'long unsigned int'} [-Wformat=]
    7 |  printf("\t 0nd word: %x\n", Xil_In32(XPAR_AXI_BRAM_CTRL_1_S_AXI_BASEADDR));
      |                       ~^     ~~~~~~~~~~~~~~~~~~~~~~~~~~~~~~~~~~~~~~~~~~~~~
      |                        |             |
      |                        unsigned int  u32 {aka long unsigned int}
      |                       %lx
../src/main.cpp:8:24: warning: format '%x' expects argument of type 'unsigned int', but argument 2 has type 'u32' {aka 'long unsigned int'} [-Wformat=]
    8 |  printf("\t 1st word: %x\n", Xil_In32(XPAR_AXI_BRAM_CTRL_1_S_AXI_BASEADDR + 4));
      |                       ~^     ~~~~~~~~~~~~~~~~~~~~~~~~~~~~~~~~~~~~~~~~~~~~~~~~~
      |                        |             |
      |                        unsigned int  u32 {aka long unsigned int}
      |                       %lx
../src/main.cpp:14:24: warning: format '%x' expects argument of type 'unsigned int', but argument 2 has type 'u32' {aka 'long unsigned int'} [-Wformat=]
   14 |  printf("\t 3rd word: %x\n", Xil_In32(XPAR_AXI_BRAM_CTRL_1_S_AXI_BASEADDR + 12));
      |                       ~^     ~~~~~~~~~~~~~~~~~~~~~~~~~~~~~~~~~~~~~~~~~~~~~~~~~~
      |                        |             |
      |                        unsigned int  u32 {aka long unsigned int}
      |                       %lx
../src/main.cpp:17:19: warning: format '%d' expects argument of type 'int', but argument 2 has type 'u32' {aka 'long unsigned int'} [-Wformat=]
   17 |   printf("\tWord %d: %x\n", Xil_In32(XPAR_AXI_BRAM_CTRL_2_S_AXI_BASEADDR + (i << 2)));
      |                  ~^         ~~~~~~~~~~~~~~~~~~~~~~~~~~~~~~~~~~~~~~~~~~~~~~~~~~~~~~~~
      |                   |                 |
      |                   int               u32 {aka long unsigned int}
      |                  %ld
../src/main.cpp:17:23: warning: format '%x' expects a matching 'unsigned int' argument [-Wformat=]
   17 |   printf("\tWord %d: %x\n", Xil_In32(XPAR_AXI_BRAM_CTRL_2_S_AXI_BASEADDR + (i << 2)));
      |                      ~^
      |                       |
      |                       unsigned int
../src/main.cpp:20:19: warning: format '%d' expects argument of type 'int', but argument 2 has type 'u32' {aka 'long unsigned int'} [-Wformat=]
   20 |   printf("\tWord %d: %x\n", Xil_In32(XPAR_AXI_BRAM_CTRL_3_S_AXI_BASEADDR + (i << 2)));
      |                  ~^         ~~~~~~~~~~~~~~~~~~~~~~~~~~~~~~~~~~~~~~~~~~~~~~~~~~~~~~~~
      |                   |                 |
      |                   int               u32 {aka long unsigned int}
      |                  %ld
../src/main.cpp:20:23: warning: format '%x' expects a matching 'unsigned int' argument [-Wformat=]
   20 |   printf("\tWord %d: %x\n", Xil_In32(XPAR_AXI_BRAM_CTRL_3_S_AXI_BASEADDR + (i << 2)));
      |                      ~^
      |                       |
      |                       unsigned int
../src/main.cpp:22:19: warning: format '%d' expects argument of type 'int', but argument 2 has type 'u32' {aka 'long unsigned int'} [-Wformat=]
   22 |   printf("\tWord %d: %x\n", Xil_In32(XPAR_AXI_BRAM_CTRL_4_S_AXI_BASEADDR + (i << 2)));
      |                  ~^         ~~~~~~~~~~~~~~~~~~~~~~~~~~~~~~~~~~~~~~~~~~~~~~~~~~~~~~~~
      |                   |                 |
      |                   int               u32 {aka long unsigned int}
      |                  %ld
../src/main.cpp:22:23: warning: format '%x' expects a matching 'unsigned int' argument [-Wformat=]
   22 |   printf("\tWord %d: %x\n", Xil_In32(XPAR_AXI_BRAM_CTRL_4_S_AXI_BASEADDR + (i << 2)));
      |                      ~^
      |                       |
      |                       unsigned int
'Finished building: ../src/main.cpp'
' '
'Building target: DSP_HW.elf'
'Invoking: ARM v7 g++ linker'
arm-none-eabi-g++ -mcpu=cortex-a9 -mfpu=vfpv3 -mfloat-abi=hard -Wl,-build-id=none -specs=Xilinx.spec -Wl,-T -Wl,../src/lscript.ld -LD:/desktop/2021-FPGA-Test-Dir/Lab5-DSP_HW/design_1_wrapper/export/design_1_wrapper/sw/design_1_wrapper/standalone_ps7_cortexa9_0/bsplib/lib -o "DSP_HW.elf"  ./src/main.o   -Wl,--start-group,-lxil,-lgcc,-lc,-lstdc++,--end-group
'Finished building target: DSP_HW.elf'
' '
'Invoking: ARM v7 Print Size'
arm-none-eabi-size DSP_HW.elf  |tee "DSP_HW.elf.size"
   text	   data	    bss	    dec	    hex	filename
  53916	   2548	  22640	  79104	  13500	DSP_HW.elf
'Finished building: DSP_HW.elf.size'
' '

00:55:45 Build Finished (took 1s.277ms)

