Nothing to build in platform 'design_1_wrapper_1'

13:28:11 **** Incremental Build of configuration Debug for project Test1-1 ****
make all 
make --no-print-directory pre-build
a9-linaro-pre-build-step
' '
make --no-print-directory main-build
'Building file: ../src/main.cpp'
'Invoking: ARM v7 g++ compiler'
arm-none-eabi-g++ -Wall -O0 -g3 -c -fmessage-length=0 -MT"src/main.o" -mcpu=cortex-a9 -mfpu=vfpv3 -mfloat-abi=hard -ID:/desktop/2021-FPGA-Test-Dir/Lab5-DSP_HW/design_1_wrapper_1/export/design_1_wrapper_1/sw/design_1_wrapper_1/standalone_ps7_cortexa9_0/bspinclude/include -MMD -MP -MF"src/main.d" -MT"src/main.o" -o "src/main.o" "../src/main.cpp"
../src/main.cpp: In function 'int main()':
../src/main.cpp:11:24: warning: format '%x' expects argument of type 'unsigned int', but argument 2 has type 'u32' {aka 'long unsigned int'} [-Wformat=]
   11 |  printf("\t 0nd word: %x\n", Xil_In32(XPAR_AXI_BRAM_CTRL_1_S_AXI_BASEADDR));
      |                       ~^     ~~~~~~~~~~~~~~~~~~~~~~~~~~~~~~~~~~~~~~~~~~~~~
      |                        |             |
      |                        unsigned int  u32 {aka long unsigned int}
      |                       %lx
../src/main.cpp:12:24: warning: format '%x' expects argument of type 'unsigned int', but argument 2 has type 'u32' {aka 'long unsigned int'} [-Wformat=]
   12 |  printf("\t 1st word: %x\n", Xil_In32(XPAR_AXI_BRAM_CTRL_1_S_AXI_BASEADDR + 4));
      |                       ~^     ~~~~~~~~~~~~~~~~~~~~~~~~~~~~~~~~~~~~~~~~~~~~~~~~~
      |                        |             |
      |                        unsigned int  u32 {aka long unsigned int}
      |                       %lx
../src/main.cpp:18:24: warning: format '%x' expects argument of type 'unsigned int', but argument 2 has type 'u32' {aka 'long unsigned int'} [-Wformat=]
   18 |  printf("\t 3rd word: %x\n", Xil_In32(XPAR_AXI_BRAM_CTRL_1_S_AXI_BASEADDR + 12));
      |                       ~^     ~~~~~~~~~~~~~~~~~~~~~~~~~~~~~~~~~~~~~~~~~~~~~~~~~~
      |                        |             |
      |                        unsigned int  u32 {aka long unsigned int}
      |                       %lx
../src/main.cpp:21:23: warning: format '%x' expects argument of type 'unsigned int', but argument 3 has type 'u32' {aka 'long unsigned int'} [-Wformat=]
   21 |   printf("\tWord %d: %x\n", i, Xil_In32(XPAR_AXI_BRAM_CTRL_2_S_AXI_BASEADDR + (i << 2)));
      |                      ~^        ~~~~~~~~~~~~~~~~~~~~~~~~~~~~~~~~~~~~~~~~~~~~~~~~~~~~~~~~
      |                       |                |
      |                       unsigned int     u32 {aka long unsigned int}
      |                      %lx
../src/main.cpp:24:23: warning: format '%x' expects argument of type 'unsigned int', but argument 3 has type 'u32' {aka 'long unsigned int'} [-Wformat=]
   24 |   printf("\tWord %d: %x\n", i, Xil_In32(XPAR_AXI_BRAM_CTRL_3_S_AXI_BASEADDR + (i << 2)));
      |                      ~^        ~~~~~~~~~~~~~~~~~~~~~~~~~~~~~~~~~~~~~~~~~~~~~~~~~~~~~~~~
      |                       |                |
      |                       unsigned int     u32 {aka long unsigned int}
      |                      %lx
../src/main.cpp:26:23: warning: format '%x' expects argument of type 'unsigned int', but argument 3 has type 'u32' {aka 'long unsigned int'} [-Wformat=]
   26 |   printf("\tWord %d: %x\n", i, Xil_In32(XPAR_AXI_BRAM_CTRL_4_S_AXI_BASEADDR + (i << 2)));
      |                      ~^        ~~~~~~~~~~~~~~~~~~~~~~~~~~~~~~~~~~~~~~~~~~~~~~~~~~~~~~~~
      |                       |                |
      |                       unsigned int     u32 {aka long unsigned int}
      |                      %lx
'Finished building: ../src/main.cpp'
' '
'Building target: Test1-1.elf'
'Invoking: ARM v7 g++ linker'
arm-none-eabi-g++ -mcpu=cortex-a9 -mfpu=vfpv3 -mfloat-abi=hard -Wl,-build-id=none -specs=Xilinx.spec -Wl,-T -Wl,../src/lscript.ld -LD:/desktop/2021-FPGA-Test-Dir/Lab5-DSP_HW/design_1_wrapper_1/export/design_1_wrapper_1/sw/design_1_wrapper_1/standalone_ps7_cortexa9_0/bsplib/lib -o "Test1-1.elf"  ./src/main.o   -Wl,--start-group,-lxil,-lgcc,-lc,-lstdc++,--end-group
'Finished building target: Test1-1.elf'
' '
'Invoking: ARM v7 Print Size'
arm-none-eabi-size Test1-1.elf  |tee "Test1-1.elf.size"
   text	   data	    bss	    dec	    hex	filename
  55028	   2564	  22640	  80232	  13968	Test1-1.elf
'Finished building: Test1-1.elf.size'
' '
